[1.267s] Invoking command in '/home/nima155/software_recruitment/ROS2/ros2_ws/src/reseq': PYTHONPATH=/home/nima155/software_recruitment/ROS2/ros2_ws/src/reseq/build/reseq/prefix_override:/usr/lib/python3/dist-packages/colcon_core/task/python/colcon_distutils_commands:/home/nima155/software_recruitment/ROS2/ros2_ws/src/reseq/install/reseq/lib/python3.12/site-packages:${PYTHONPATH} /usr/bin/python3 -W ignore:setup.py install is deprecated -W ignore:easy_install command is deprecated setup.py egg_info --egg-base build/reseq build --build-base /home/nima155/software_recruitment/ROS2/ros2_ws/src/reseq/build/reseq/build install --record /home/nima155/software_recruitment/ROS2/ros2_ws/src/reseq/build/reseq/install.log --single-version-externally-managed install_data
[1.565s] running egg_info
[1.566s] creating build/reseq/reseq.egg-info
[1.585s] writing build/reseq/reseq.egg-info/PKG-INFO
[1.585s] writing dependency_links to build/reseq/reseq.egg-info/dependency_links.txt
[1.585s] writing entry points to build/reseq/reseq.egg-info/entry_points.txt
[1.586s] writing requirements to build/reseq/reseq.egg-info/requires.txt
[1.586s] writing top-level names to build/reseq/reseq.egg-info/top_level.txt
[1.586s] writing manifest file 'build/reseq/reseq.egg-info/SOURCES.txt'
[1.632s] reading manifest file 'build/reseq/reseq.egg-info/SOURCES.txt'
[1.633s] adding license file 'LICENSE'
[1.633s] writing manifest file 'build/reseq/reseq.egg-info/SOURCES.txt'
[1.634s] running build
[1.634s] running build_py
[1.634s] creating /home/nima155/software_recruitment/ROS2/ros2_ws/src/reseq/build/reseq/build
[1.635s] creating /home/nima155/software_recruitment/ROS2/ros2_ws/src/reseq/build/reseq/build/lib
[1.635s] creating /home/nima155/software_recruitment/ROS2/ros2_ws/src/reseq/build/reseq/build/lib/reseq
[1.635s] copying reseq/temperature_logger.py -> /home/nima155/software_recruitment/ROS2/ros2_ws/src/reseq/build/reseq/build/lib/reseq
[1.635s] copying reseq/__init__.py -> /home/nima155/software_recruitment/ROS2/ros2_ws/src/reseq/build/reseq/build/lib/reseq
[1.635s] copying reseq/temperature_sensor.py -> /home/nima155/software_recruitment/ROS2/ros2_ws/src/reseq/build/reseq/build/lib/reseq
[1.636s] running install
[1.644s] running install_lib
[1.664s] creating /home/nima155/software_recruitment/ROS2/ros2_ws/src/reseq/install/reseq/lib/python3.12/site-packages/reseq
[1.665s] copying /home/nima155/software_recruitment/ROS2/ros2_ws/src/reseq/build/reseq/build/lib/reseq/temperature_logger.py -> /home/nima155/software_recruitment/ROS2/ros2_ws/src/reseq/install/reseq/lib/python3.12/site-packages/reseq
[1.665s] copying /home/nima155/software_recruitment/ROS2/ros2_ws/src/reseq/build/reseq/build/lib/reseq/__init__.py -> /home/nima155/software_recruitment/ROS2/ros2_ws/src/reseq/install/reseq/lib/python3.12/site-packages/reseq
[1.665s] copying /home/nima155/software_recruitment/ROS2/ros2_ws/src/reseq/build/reseq/build/lib/reseq/temperature_sensor.py -> /home/nima155/software_recruitment/ROS2/ros2_ws/src/reseq/install/reseq/lib/python3.12/site-packages/reseq
[1.665s] byte-compiling /home/nima155/software_recruitment/ROS2/ros2_ws/src/reseq/install/reseq/lib/python3.12/site-packages/reseq/temperature_logger.py to temperature_logger.cpython-312.pyc
[1.666s] byte-compiling /home/nima155/software_recruitment/ROS2/ros2_ws/src/reseq/install/reseq/lib/python3.12/site-packages/reseq/__init__.py to __init__.cpython-312.pyc
[1.666s] byte-compiling /home/nima155/software_recruitment/ROS2/ros2_ws/src/reseq/install/reseq/lib/python3.12/site-packages/reseq/temperature_sensor.py to temperature_sensor.cpython-312.pyc
[1.667s] running install_data
[1.667s] creating /home/nima155/software_recruitment/ROS2/ros2_ws/src/reseq/install/reseq/share/ament_index
[1.668s] creating /home/nima155/software_recruitment/ROS2/ros2_ws/src/reseq/install/reseq/share/ament_index/resource_index
[1.668s] creating /home/nima155/software_recruitment/ROS2/ros2_ws/src/reseq/install/reseq/share/ament_index/resource_index/packages
[1.668s] copying resource/reseq -> /home/nima155/software_recruitment/ROS2/ros2_ws/src/reseq/install/reseq/share/ament_index/resource_index/packages
[1.668s] copying package.xml -> /home/nima155/software_recruitment/ROS2/ros2_ws/src/reseq/install/reseq/share/reseq
[1.668s] running install_egg_info
[1.692s] Copying build/reseq/reseq.egg-info to /home/nima155/software_recruitment/ROS2/ros2_ws/src/reseq/install/reseq/lib/python3.12/site-packages/reseq-0.0.0-py3.12.egg-info
[1.693s] running install_scripts
[1.846s] Installing python_executable_name script to /home/nima155/software_recruitment/ROS2/ros2_ws/src/reseq/install/reseq/lib/reseq
[1.846s] Installing temperature_logger script to /home/nima155/software_recruitment/ROS2/ros2_ws/src/reseq/install/reseq/lib/reseq
[1.846s] Installing temperature_sensor script to /home/nima155/software_recruitment/ROS2/ros2_ws/src/reseq/install/reseq/lib/reseq
[1.847s] writing list of installed files to '/home/nima155/software_recruitment/ROS2/ros2_ws/src/reseq/build/reseq/install.log'
[1.884s] Invoked command in '/home/nima155/software_recruitment/ROS2/ros2_ws/src/reseq' returned '0': PYTHONPATH=/home/nima155/software_recruitment/ROS2/ros2_ws/src/reseq/build/reseq/prefix_override:/usr/lib/python3/dist-packages/colcon_core/task/python/colcon_distutils_commands:/home/nima155/software_recruitment/ROS2/ros2_ws/src/reseq/install/reseq/lib/python3.12/site-packages:${PYTHONPATH} /usr/bin/python3 -W ignore:setup.py install is deprecated -W ignore:easy_install command is deprecated setup.py egg_info --egg-base build/reseq build --build-base /home/nima155/software_recruitment/ROS2/ros2_ws/src/reseq/build/reseq/build install --record /home/nima155/software_recruitment/ROS2/ros2_ws/src/reseq/build/reseq/install.log --single-version-externally-managed install_data
